2026-09-24 18:31:12.303 [main] INFO  com.fintech.framework.observability.GrafanaTestListener - ================ STARTING TEST SUITE: API and Event Stream Tests ================
2026-09-24 18:31:12.428 [TestNG-test-API and Event Stream Tests-3] INFO  com.fintech.framework.observability.GrafanaTestListener - >>> START TEST: CardIssuanceApiTest#testVirtualCardIssuance
2026-09-24 18:31:12.428 [TestNG-test-API and Event Stream Tests-1] INFO  com.fintech.framework.observability.GrafanaTestListener - >>> START TEST: CardIssuanceApiTest#testCustomerCreation
2026-09-24 18:31:12.428 [TestNG-test-API and Event Stream Tests-2] INFO  com.fintech.framework.observability.GrafanaTestListener - >>> START TEST: CardIssuanceApiTest#testPaymentAuthorization
2026-09-24 18:31:12.428 [TestNG-test-API and Event Stream Tests-4] INFO  com.fintech.framework.observability.GrafanaTestListener - >>> START TEST: PaymentEventKafkaTest#testKafkaPaymentEventStreaming
2026-09-24 18:31:12.434 [TestNG-test-API and Event Stream Tests-3] INFO  com.fintech.domain.api.client.CardIssuingApiClient - API: Issuing Virtual Card for Account ID: ACC-DEMO-001
2026-09-24 18:31:12.436 [TestNG-test-API and Event Stream Tests-3] INFO  com.fintech.framework.api.RestClient - Executing POST request to endpoint: /api/v1/cards/issue
2026-09-24 18:31:12.567 [TestNG-test-API and Event Stream Tests-2] INFO  com.fintech.domain.api.client.AuthorizationApiClient - API: Simulating Authorization for Amount: 150.00 USD at Merchant: Amazon Web Services
2026-09-24 18:31:12.568 [TestNG-test-API and Event Stream Tests-2] INFO  com.fintech.framework.api.RestClient - Executing POST request to endpoint: /api/v1/payments/authorize
2026-09-24 18:31:12.624 [TestNG-test-API and Event Stream Tests-4] INFO  com.fintech.framework.kafka.KafkaProducerClient - Publishing Kafka event to Topic: payment-events | Key: TXN-1918a443 | Payload: {"eventId":"TXN-1918a443","eventType":"PAYMENT_AUTHORIZED","cardId":"CRD-97320cff","accountId":"ACC-DEMO-001","amount":150.00,"currency":"USD","status":"APPROVED","timestamp":"2026-09-24T13:01:12.436568600Z"}
2026-09-24 18:31:12.908 [TestNG-test-API and Event Stream Tests-1] INFO  com.fintech.domain.api.client.CustomerApiClient - API: Creating customer: Elbert Shields
2026-09-24 18:31:12.908 [TestNG-test-API and Event Stream Tests-1] INFO  com.fintech.framework.api.RestClient - Executing POST request to endpoint: /api/v1/customers
2026-09-24 18:31:13.262 [TestNG-test-API and Event Stream Tests-4] INFO  com.fintech.framework.kafka.KafkaProducerClient - Kafka Producer initialized for bootstrap servers: localhost:9092
2026-09-24 18:31:14.498 [TestNG-test-API and Event Stream Tests-3] WARN  com.fintech.framework.listeners.RetryAnalyzer - Retrying test 'testVirtualCardIssuance' - Attempt 1/1
2026-09-24 18:31:14.498 [TestNG-test-API and Event Stream Tests-2] WARN  com.fintech.framework.listeners.RetryAnalyzer - Retrying test 'testPaymentAuthorization' - Attempt 1/1
2026-09-24 18:31:14.498 [TestNG-test-API and Event Stream Tests-1] WARN  com.fintech.framework.listeners.RetryAnalyzer - Retrying test 'testCustomerCreation' - Attempt 1/1
2026-09-24 18:31:14.499 [TestNG-test-API and Event Stream Tests-3] WARN  com.fintech.framework.observability.GrafanaTestListener - <<< TEST SKIPPED: testVirtualCardIssuance
2026-09-24 18:31:14.499 [TestNG-test-API and Event Stream Tests-1] WARN  com.fintech.framework.observability.GrafanaTestListener - <<< TEST SKIPPED: testCustomerCreation
2026-09-24 18:31:14.499 [TestNG-test-API and Event Stream Tests-2] WARN  com.fintech.framework.observability.GrafanaTestListener - <<< TEST SKIPPED: testPaymentAuthorization
2026-09-24 18:31:14.743 [TestNG-test-API and Event Stream Tests-1] INFO  com.fintech.framework.observability.InfluxDbMetricsPublisher - InfluxDB client connected to http://localhost:8086
2026-09-24 18:31:14.915 [TestNG-test-API and Event Stream Tests-1] WARN  com.fintech.framework.observability.InfluxDbMetricsPublisher - Unable to publish telemetry point to InfluxDB: Failed to connect to localhost/[0:0:0:0:0:0:0:1]:8086
2026-09-24 18:31:14.915 [TestNG-test-API and Event Stream Tests-2] WARN  com.fintech.framework.observability.InfluxDbMetricsPublisher - Unable to publish telemetry point to InfluxDB: Failed to connect to localhost/[0:0:0:0:0:0:0:1]:8086
2026-09-24 18:31:14.915 [TestNG-test-API and Event Stream Tests-3] WARN  com.fintech.framework.observability.InfluxDbMetricsPublisher - Unable to publish telemetry point to InfluxDB: Failed to connect to localhost/[0:0:0:0:0:0:0:1]:8086
2026-09-24 18:31:14.996 [TestNG-test-API and Event Stream Tests-2] INFO  com.fintech.framework.observability.GrafanaTestListener - >>> START TEST: CardIssuanceApiTest#testPaymentAuthorization
2026-09-24 18:31:14.996 [TestNG-test-API and Event Stream Tests-3] INFO  com.fintech.framework.observability.GrafanaTestListener - >>> START TEST: CardIssuanceApiTest#testVirtualCardIssuance
2026-09-24 18:31:14.996 [TestNG-test-API and Event Stream Tests-1] INFO  com.fintech.framework.observability.GrafanaTestListener - >>> START TEST: CardIssuanceApiTest#testCustomerCreation
2026-09-24 18:31:14.997 [TestNG-test-API and Event Stream Tests-3] INFO  com.fintech.domain.api.client.CardIssuingApiClient - API: Issuing Virtual Card for Account ID: ACC-DEMO-001
2026-09-24 18:31:14.997 [TestNG-test-API and Event Stream Tests-1] INFO  com.fintech.domain.api.client.CustomerApiClient - API: Creating customer: Ali Satterfield
2026-09-24 18:31:14.997 [TestNG-test-API and Event Stream Tests-3] INFO  com.fintech.framework.api.RestClient - Executing POST request to endpoint: /api/v1/cards/issue
2026-09-24 18:31:14.997 [TestNG-test-API and Event Stream Tests-1] INFO  com.fintech.framework.api.RestClient - Executing POST request to endpoint: /api/v1/customers
2026-09-24 18:31:14.997 [TestNG-test-API and Event Stream Tests-2] INFO  com.fintech.domain.api.client.AuthorizationApiClient - API: Simulating Authorization for Amount: 150.00 USD at Merchant: Amazon Web Services
2026-09-24 18:31:14.997 [TestNG-test-API and Event Stream Tests-2] INFO  com.fintech.framework.api.RestClient - Executing POST request to endpoint: /api/v1/payments/authorize
2026-09-24 18:31:15.034 [TestNG-test-API and Event Stream Tests-1] ERROR com.fintech.framework.observability.GrafanaTestListener - <<< TEST FAILED: testCustomerCreation (40 ms). Reason: Connection refused: connect
2026-09-24 18:31:15.034 [TestNG-test-API and Event Stream Tests-3] ERROR com.fintech.framework.observability.GrafanaTestListener - <<< TEST FAILED: testVirtualCardIssuance (40 ms). Reason: Connection refused: connect
2026-09-24 18:31:15.034 [TestNG-test-API and Event Stream Tests-2] ERROR com.fintech.framework.observability.GrafanaTestListener - <<< TEST FAILED: testPaymentAuthorization (40 ms). Reason: Connection refused: connect
2026-09-24 18:31:15.037 [TestNG-test-API and Event Stream Tests-3] WARN  com.fintech.framework.observability.InfluxDbMetricsPublisher - Unable to publish telemetry point to InfluxDB: Failed to connect to localhost/[0:0:0:0:0:0:0:1]:8086
2026-09-24 18:31:15.037 [TestNG-test-API and Event Stream Tests-1] WARN  com.fintech.framework.observability.InfluxDbMetricsPublisher - Unable to publish telemetry point to InfluxDB: Failed to connect to localhost/[0:0:0:0:0:0:0:1]:8086
2026-09-24 18:31:15.038 [TestNG-test-API and Event Stream Tests-2] WARN  com.fintech.framework.observability.InfluxDbMetricsPublisher - Unable to publish telemetry point to InfluxDB: Failed to connect to localhost/[0:0:0:0:0:0:0:1]:8086
2026-09-24 18:32:13.267 [TestNG-test-API and Event Stream Tests-4] ERROR com.fintech.framework.kafka.KafkaProducerClient - Failed to send Kafka message to topic payment-events
org.apache.kafka.common.errors.TimeoutException: Topic payment-events not present in metadata after 60000 ms.
2026-09-24 18:32:13.285 [TestNG-test-API and Event Stream Tests-4] INFO  com.fintech.framework.kafka.KafkaConsumerClient - Awaiting Kafka event on topic 'payment-events' with key 'TXN-1918a443' (Timeout: 5s)
2026-09-24 18:32:18.412 [TestNG-test-API and Event Stream Tests-4] WARN  com.fintech.framework.kafka.KafkaConsumerClient - Timeout reached waiting for Kafka event with key: TXN-1918a443
2026-09-24 18:32:18.423 [TestNG-test-API and Event Stream Tests-4] INFO  com.fintech.framework.observability.GrafanaTestListener - <<< TEST PASSED: testKafkaPaymentEventStreaming (66079 ms)
2026-09-24 18:32:18.437 [TestNG-test-API and Event Stream Tests-4] WARN  com.fintech.framework.observability.InfluxDbMetricsPublisher - Unable to publish telemetry point to InfluxDB: Failed to connect to localhost/[0:0:0:0:0:0:0:1]:8086
2026-09-24 18:32:18.440 [main] INFO  com.fintech.framework.observability.GrafanaTestListener - ================ FINISHED TEST SUITE: API and Event Stream Tests ================
2026-09-24 18:32:18.449 [main] INFO  com.fintech.framework.observability.GrafanaTestListener - ================ STARTING TEST SUITE: UI and E2E Hybrid Tests ================
2026-09-24 18:32:18.454 [TestNG-test-UI and E2E Hybrid Tests-1] INFO  com.fintech.framework.driver.DriverFactory - Initializing WebDriver - Browser: chrome, Headless: false, ExecutionMode: local
2026-09-24 18:32:18.454 [TestNG-test-UI and E2E Hybrid Tests-2] INFO  com.fintech.framework.driver.DriverFactory - Initializing WebDriver - Browser: chrome, Headless: false, ExecutionMode: local
2026-09-24 18:32:18.454 [TestNG-test-UI and E2E Hybrid Tests-3] INFO  com.fintech.framework.driver.DriverFactory - Initializing WebDriver - Browser: chrome, Headless: false, ExecutionMode: local
2026-09-24 18:32:29.027 [TestNG-test-UI and E2E Hybrid Tests-3] INFO  com.fintech.framework.observability.GrafanaTestListener - >>> START TEST: EndToEndFintechLifecycleTest#testFullFintechCardLifecycle
2026-09-24 18:32:29.028 [TestNG-test-UI and E2E Hybrid Tests-1] INFO  com.fintech.framework.observability.GrafanaTestListener - >>> START TEST: CardManagementUiTest#testCardActivationAndPinSetup
2026-09-24 18:32:29.028 [TestNG-test-UI and E2E Hybrid Tests-3] INFO  com.fintech.domain.api.client.CardIssuingApiClient - API: Issuing Virtual Card for Account ID: ACC-DEMO-001
2026-09-24 18:32:29.028 [TestNG-test-UI and E2E Hybrid Tests-3] INFO  com.fintech.framework.api.RestClient - Executing POST request to endpoint: /api/v1/cards/issue
2026-09-24 18:32:29.041 [TestNG-test-UI and E2E Hybrid Tests-1] INFO  com.fintech.domain.ui.pages.CardManagementPage - Loading Card Management Portal for Card ID: CRD-1790254949028
2026-09-24 18:32:29.042 [TestNG-test-UI and E2E Hybrid Tests-1] INFO  com.fintech.domain.ui.pages.CardManagementPage - Navigating to URL: data:text/html;charset=utf-8,<html><head><title>Card Portal</title></head><body><h1>Card Management</h1><span id='card-status-badge'>PENDING_ACTIVATION</span><button id='btn-activate-card' onclick="document.getElementById('card-status-badge').innerText='ACTIVE'">Activate Card</button><input id='input-card-pin' type='password' placeholder='PIN'/><input id='input-confirm-pin' type='password' placeholder='Confirm PIN'/><button id='btn-submit-pin' onclick="document.getElementById('toast').innerText='PIN set successfully'">Set PIN</button><input id='input-daily-limit' type='number' value='1000'/><button id='btn-update-limit'>Update Limit</button><button id='btn-toggle-freeze' onclick="var b=document.getElementById('card-status-badge'); b.innerText = (b.innerText==='ACTIVE'?'FROZEN':'ACTIVE');">Toggle Freeze</button><div id='toast' class='toast-success'></div></body></html>
2026-09-24 18:32:29.069 [TestNG-test-UI and E2E Hybrid Tests-3] WARN  com.fintech.framework.listeners.RetryAnalyzer - Retrying test 'testFullFintechCardLifecycle' - Attempt 1/1
2026-09-24 18:32:29.069 [TestNG-test-UI and E2E Hybrid Tests-3] WARN  com.fintech.framework.observability.GrafanaTestListener - <<< TEST SKIPPED: testFullFintechCardLifecycle
2026-09-24 18:32:29.074 [TestNG-test-UI and E2E Hybrid Tests-3] INFO  com.fintech.framework.observability.InfluxDbMetricsPublisher - InfluxDB client connected to http://localhost:8086
2026-09-24 18:32:29.077 [TestNG-test-UI and E2E Hybrid Tests-3] WARN  com.fintech.framework.observability.InfluxDbMetricsPublisher - Unable to publish telemetry point to InfluxDB: Failed to connect to localhost/[0:0:0:0:0:0:0:1]:8086
2026-09-24 18:32:29.084 [TestNG-test-UI and E2E Hybrid Tests-3] INFO  com.fintech.framework.driver.DriverFactory - Quitting WebDriver for thread: TestNG-test-UI and E2E Hybrid Tests-3
2026-09-24 18:32:29.329 [TestNG-test-UI and E2E Hybrid Tests-1] INFO  com.fintech.domain.ui.pages.CardManagementPage - Retrieved text 'PENDING_ACTIVATION' from element: By.id: card-status-badge
2026-09-24 18:32:29.333 [TestNG-test-UI and E2E Hybrid Tests-1] INFO  com.fintech.domain.ui.pages.CardManagementPage - Clicking on element: By.id: btn-activate-card
2026-09-24 18:32:29.501 [TestNG-test-UI and E2E Hybrid Tests-1] INFO  com.fintech.domain.ui.pages.CardManagementPage - Retrieved text 'ACTIVE' from element: By.id: card-status-badge
2026-09-24 18:32:29.503 [TestNG-test-UI and E2E Hybrid Tests-1] INFO  com.fintech.domain.ui.pages.CardManagementPage - Entering text into element: By.id: input-card-pin
2026-09-24 18:32:29.643 [TestNG-test-UI and E2E Hybrid Tests-1] INFO  com.fintech.domain.ui.pages.CardManagementPage - Entering text into element: By.id: input-confirm-pin
2026-09-24 18:32:29.763 [TestNG-test-UI and E2E Hybrid Tests-1] INFO  com.fintech.domain.ui.pages.CardManagementPage - Clicking on element: By.id: btn-submit-pin
2026-09-24 18:32:29.839 [TestNG-test-UI and E2E Hybrid Tests-3] INFO  com.fintech.framework.driver.DriverFactory - Initializing WebDriver - Browser: chrome, Headless: false, ExecutionMode: local
2026-09-24 18:32:29.934 [TestNG-test-UI and E2E Hybrid Tests-1] INFO  com.fintech.framework.observability.GrafanaTestListener - <<< TEST PASSED: testCardActivationAndPinSetup (913 ms)
2026-09-24 18:32:29.941 [TestNG-test-UI and E2E Hybrid Tests-1] WARN  com.fintech.framework.observability.InfluxDbMetricsPublisher - Unable to publish telemetry point to InfluxDB: Failed to connect to localhost/[0:0:0:0:0:0:0:1]:8086
2026-09-24 18:32:29.945 [TestNG-test-UI and E2E Hybrid Tests-1] INFO  com.fintech.framework.driver.DriverFactory - Quitting WebDriver for thread: TestNG-test-UI and E2E Hybrid Tests-1
2026-09-24 18:32:30.507 [TestNG-test-UI and E2E Hybrid Tests-2] INFO  com.fintech.framework.observability.GrafanaTestListener - >>> START TEST: CardManagementUiTest#testCardFreezeToggle
2026-09-24 18:32:30.509 [TestNG-test-UI and E2E Hybrid Tests-2] INFO  com.fintech.domain.ui.pages.CardManagementPage - Loading Card Management Portal for Card ID: CRD-1790254950507
2026-09-24 18:32:30.509 [TestNG-test-UI and E2E Hybrid Tests-2] INFO  com.fintech.domain.ui.pages.CardManagementPage - Navigating to URL: data:text/html;charset=utf-8,<html><head><title>Card Portal</title></head><body><h1>Card Management</h1><span id='card-status-badge'>PENDING_ACTIVATION</span><button id='btn-activate-card' onclick="document.getElementById('card-status-badge').innerText='ACTIVE'">Activate Card</button><input id='input-card-pin' type='password' placeholder='PIN'/><input id='input-confirm-pin' type='password' placeholder='Confirm PIN'/><button id='btn-submit-pin' onclick="document.getElementById('toast').innerText='PIN set successfully'">Set PIN</button><input id='input-daily-limit' type='number' value='1000'/><button id='btn-update-limit'>Update Limit</button><button id='btn-toggle-freeze' onclick="var b=document.getElementById('card-status-badge'); b.innerText = (b.innerText==='ACTIVE'?'FROZEN':'ACTIVE');">Toggle Freeze</button><div id='toast' class='toast-success'></div></body></html>
2026-09-24 18:32:30.708 [TestNG-test-UI and E2E Hybrid Tests-2] INFO  com.fintech.domain.ui.pages.CardManagementPage - Clicking on element: By.id: btn-activate-card
2026-09-24 18:32:30.865 [TestNG-test-UI and E2E Hybrid Tests-2] INFO  com.fintech.domain.ui.pages.CardManagementPage - Clicking on element: By.id: btn-toggle-freeze
2026-09-24 18:32:31.037 [TestNG-test-UI and E2E Hybrid Tests-2] INFO  com.fintech.domain.ui.pages.CardManagementPage - Retrieved text 'FROZEN' from element: By.id: card-status-badge
2026-09-24 18:32:31.037 [TestNG-test-UI and E2E Hybrid Tests-2] INFO  com.fintech.domain.ui.pages.CardManagementPage - Clicking on element: By.id: btn-toggle-freeze
2026-09-24 18:32:31.162 [TestNG-test-UI and E2E Hybrid Tests-2] INFO  com.fintech.domain.ui.pages.CardManagementPage - Retrieved text 'ACTIVE' from element: By.id: card-status-badge
2026-09-24 18:32:31.163 [TestNG-test-UI and E2E Hybrid Tests-2] INFO  com.fintech.framework.observability.GrafanaTestListener - <<< TEST PASSED: testCardFreezeToggle (659 ms)
2026-09-24 18:32:31.167 [TestNG-test-UI and E2E Hybrid Tests-2] WARN  com.fintech.framework.observability.InfluxDbMetricsPublisher - Unable to publish telemetry point to InfluxDB: Failed to connect to localhost/[0:0:0:0:0:0:0:1]:8086
2026-09-24 18:32:31.173 [TestNG-test-UI and E2E Hybrid Tests-2] INFO  com.fintech.framework.driver.DriverFactory - Quitting WebDriver for thread: TestNG-test-UI and E2E Hybrid Tests-2
2026-09-24 18:32:32.404 [TestNG-test-UI and E2E Hybrid Tests-3] INFO  com.fintech.framework.observability.GrafanaTestListener - >>> START TEST: EndToEndFintechLifecycleTest#testFullFintechCardLifecycle
2026-09-24 18:32:32.405 [TestNG-test-UI and E2E Hybrid Tests-3] INFO  com.fintech.domain.api.client.CardIssuingApiClient - API: Issuing Virtual Card for Account ID: ACC-DEMO-001
2026-09-24 18:32:32.405 [TestNG-test-UI and E2E Hybrid Tests-3] INFO  com.fintech.framework.api.RestClient - Executing POST request to endpoint: /api/v1/cards/issue
2026-09-24 18:32:32.447 [TestNG-test-UI and E2E Hybrid Tests-3] ERROR com.fintech.framework.observability.GrafanaTestListener - <<< TEST FAILED: testFullFintechCardLifecycle (50 ms). Reason: Connection refused: connect
2026-09-24 18:32:32.453 [TestNG-test-UI and E2E Hybrid Tests-3] WARN  com.fintech.framework.observability.InfluxDbMetricsPublisher - Unable to publish telemetry point to InfluxDB: Failed to connect to localhost/[0:0:0:0:0:0:0:1]:8086
2026-09-24 18:32:32.544 [TestNG-test-UI and E2E Hybrid Tests-3] INFO  com.fintech.framework.driver.DriverFactory - Quitting WebDriver for thread: TestNG-test-UI and E2E Hybrid Tests-3
2026-09-24 18:32:32.938 [main] INFO  com.fintech.framework.observability.GrafanaTestListener - ================ FINISHED TEST SUITE: UI and E2E Hybrid Tests ================
